src/components/layout/TitleBar.tsx(9,24): error TS6133: 'setAppVersion' is declared but its value is never read.
src/components/layout/TitleBar.tsx(11,25): error TS6133: 'setIsMaximized' is declared but its value is never read.
src/components/layout/TitleBar.tsx(27,11): error TS6133: 'loadVersion' is declared but its value is never read.
src/hooks/useUpdater.ts(6,29): error TS6133: 'setUpdateAvailable' is declared but its value is never read.
src/hooks/useUpdater.ts(7,28): error TS6133: 'setUpdateManifest' is declared but its value is never read.
src/hooks/useUpdater.ts(8,22): error TS6133: 'setChecking' is declared but its value is never read.
src/hooks/useUpdater.ts(9,25): error TS6133: 'setDownloading' is declared but its value is never read.
src/hooks/useUpdater.ts(10,22): error TS6133: 'setProgress' is declared but its value is never read.
src/hooks/useUpdater.ts(11,19): error TS6133: 'setError' is declared but its value is never read.
src/hooks/useUpdater.ts(12,24): error TS6133: 'setStatusText' is declared but its value is never read.
src/pages/appointments/AppointmentsPage.tsx(29,21): error TS6133: 'setDoctors' is declared but its value is never read.
src/pages/appointments/AppointmentsPage.tsx(53,19): error TS6133: 'doctorsResponse' is declared but its value is never read.
src/pages/consultation/ConsultationDetailsPage.tsx(41,11): error TS6133: 'secondaryDiagnoses' is declared but its value is never read.
src/pages/consultation/ConsultationPage.tsx(4,1): error TS6133: 'generatePrescriptionPDF' is declared but its value is never read.
src/pages/consultation/ConsultationPage.tsx(28,12): error TS6133: 'isSearching' is declared but its value is never read.
src/pages/consultation/ConsultationPage.tsx(31,12): error TS6133: 'errors' is declared but its value is never read.
src/pages/consultation/ConsultationPage.tsx(114,12): error TS6133: 'availableDiagnoses' is declared but its value is never read.
src/pages/consultation/ConsultationPage.tsx(190,39): error TS2551: Property 'createConsultation' does not exist on type '{ getConsultations: (patientId?: number | undefined) => Promise<any>; getConsultationById: (id: string | number) => Promise<any>; saveConsultation: (data: any) => Promise<...>; }'. Did you mean 'getConsultations'?
src/pages/consultation/ConsultationPage.tsx(249,11): error TS6133: 'addFamilyHistoryItem' is declared but its value is never read.
src/pages/dashboard/NewPatientPage.tsx(120,11): error TS6133: 'handleContactChange' is declared but its value is never read.
src/pages/dashboard/NewPatientPage.tsx(126,11): error TS6133: 'addEmergencyContact' is declared but its value is never read.
src/pages/dashboard/PatientDetailsPage.tsx(4,47): error TS6133: 'appointmentService' is declared but its value is never read.
src/pages/dashboard/PatientDetailsPage.tsx(13,11): error TS6133: 'patientId' is declared but its value is never read.
